------------------------------------------------------------
TimeQuest Timing Analyzer Summary
------------------------------------------------------------

Type  : Slow 1100mV 85C Model Setup 'clk'
Slack : -0.193
TNS   : -0.640

Type  : Slow 1100mV 85C Model Hold 'clk'
Slack : 0.290
TNS   : 0.000

Type  : Slow 1100mV 85C Model Minimum Pulse Width 'clk'
Slack : -0.394
TNS   : -4.270

Type  : Slow 1100mV 0C Model Setup 'clk'
Slack : -0.226
TNS   : -0.857

Type  : Slow 1100mV 0C Model Hold 'clk'
Slack : 0.275
TNS   : 0.000

Type  : Slow 1100mV 0C Model Minimum Pulse Width 'clk'
Slack : -0.394
TNS   : -3.986

Type  : Fast 1100mV 85C Model Setup 'clk'
Slack : 0.310
TNS   : 0.000

Type  : Fast 1100mV 85C Model Hold 'clk'
Slack : 0.166
TNS   : 0.000

Type  : Fast 1100mV 85C Model Minimum Pulse Width 'clk'
Slack : -0.329
TNS   : -2.469

Type  : Fast 1100mV 0C Model Setup 'clk'
Slack : 0.338
TNS   : 0.000

Type  : Fast 1100mV 0C Model Hold 'clk'
Slack : 0.154
TNS   : 0.000

Type  : Fast 1100mV 0C Model Minimum Pulse Width 'clk'
Slack : -0.307
TNS   : -2.299

------------------------------------------------------------
